// Vitest Snapshot v1, https://vitest.dev/guide/snapshot.html

exports[`__$ HMR runtime > prepends subscription context to track path when inside send callback 1`] = `
{
  "events": [
    {
      "id": "0",
      "key": "outer",
      "type": "track-call",
    },
    {
      "id": "1",
      "observable": Observable {
        "__id__": "1",
        "_subscribe": [Function],
      },
      "type": "constructor-call-return",
    },
    {
      "id": "2",
      "observable": Observable {
        "__id__": "2",
        "_subscribe": [Function],
        Symbol(rxjs-debugger-tracked): true,
      },
      "type": "constructor-call-return",
    },
    {
      "id": "0",
      "type": "track-call-return",
    },
    {
      "args": [
        [Function],
      ],
      "id": "3",
      "index": 0,
      "observable_id": "2",
      "type": "subscribe-call",
    },
    {
      "args": [
        {
          "complete": [Function],
          "error": [Function],
          "next": [Function],
        },
      ],
      "id": "4",
      "index": 0,
      "observable_id": "1",
      "type": "subscribe-call",
    },
    {
      "id": "5",
      "index": 0,
      "kind": "next",
      "observable_id": "1",
      "subscription_id": "4",
      "type": "send-call",
      "value": 1,
    },
    {
      "id": "6",
      "index": 0,
      "kind": "next",
      "observable_id": "2",
      "subscription_id": "3",
      "type": "send-call",
      "value": 1,
    },
    {
      "id": "7",
      "key": "$ref[2]:subscription[3]:inner",
      "type": "track-call",
    },
    {
      "id": "8",
      "observable": Observable {
        "__id__": "8",
        "_subscribe": [Function],
      },
      "type": "constructor-call-return",
    },
    {
      "id": "9",
      "observable": Observable {
        "__id__": "9",
        "_subscribe": [Function],
        Symbol(rxjs-debugger-tracked): true,
      },
      "type": "constructor-call-return",
    },
    {
      "id": "7",
      "type": "track-call-return",
    },
    {
      "id": "6",
      "observable_id": "2",
      "type": "send-call-return",
    },
    {
      "id": "5",
      "observable_id": "1",
      "type": "send-call-return",
    },
    {
      "id": "10",
      "kind": "complete",
      "observable_id": "1",
      "subscription_id": "4",
      "type": "send-call",
    },
    {
      "id": "11",
      "kind": "complete",
      "observable_id": "2",
      "subscription_id": "3",
      "type": "send-call",
    },
    {
      "id": "11",
      "observable_id": "2",
      "type": "send-call-return",
    },
    {
      "id": "10",
      "observable_id": "1",
      "type": "send-call-return",
    },
    {
      "id": "4",
      "observable_id": "1",
      "type": "subscribe-call-return",
    },
    {
      "args": [
        {
          "complete": [Function],
          "error": [Function],
          "next": [Function],
        },
      ],
      "id": "4",
      "index": 0,
      "observable_id": "1",
      "type": "unsubscribe-call",
    },
    {
      "id": "4",
      "observable_id": "1",
      "type": "unsubscribe-call-return",
    },
    {
      "id": "3",
      "observable_id": "2",
      "type": "subscribe-call-return",
    },
  ],
  "store": {
    "arg": {},
    "arg_call": {},
    "hmr_module": {},
    "hmr_track": {
      "0": {
        "created_at": 0,
        "created_at_end": 0,
        "id": "0",
        "index": 0,
        "key": "outer",
        "module_id": undefined,
        "module_version": undefined,
        "mutable_observable_id": "1",
        "parent_track_id": undefined,
        "prev_observable_ids": [],
        "stable_observable_id": "2",
        "version": 0,
      },
      "7": {
        "created_at": 0,
        "created_at_end": 0,
        "id": "7",
        "index": 0,
        "key": "$ref[2]:subscription[3]:inner",
        "module_id": undefined,
        "module_version": undefined,
        "mutable_observable_id": "8",
        "parent_track_id": "0",
        "prev_observable_ids": [],
        "stable_observable_id": "9",
        "version": 0,
      },
    },
    "observable": {
      "1": {
        "created_at": 0,
        "created_at_end": 0,
        "id": "1",
        "name": "new Observable",
        "obs_ref": WeakRef {},
      },
      "2": {
        "created_at": 0,
        "created_at_end": 0,
        "id": "2",
        "name": "new Observable",
        "obs_ref": WeakRef {},
      },
      "8": {
        "created_at": 0,
        "created_at_end": 0,
        "id": "8",
        "name": "new Observable",
        "obs_ref": WeakRef {},
      },
      "9": {
        "created_at": 0,
        "created_at_end": 0,
        "id": "9",
        "name": "new Observable",
        "obs_ref": WeakRef {},
      },
    },
    "operator": {},
    "operator_fun": {},
    "pipe": {},
    "send": {
      "10": {
        "created_at": 0,
        "created_at_end": 0,
        "id": "10",
        "observable_id": "1",
        "subscription_id": "4",
        "type": "complete",
      },
      "11": {
        "created_at": 0,
        "created_at_end": 0,
        "id": "11",
        "observable_id": "2",
        "subscription_id": "3",
        "type": "complete",
      },
      "5": {
        "created_at": 0,
        "created_at_end": 0,
        "id": "5",
        "observable_id": "1",
        "subscription_id": "4",
        "type": "next",
        "value": 1,
      },
      "6": {
        "created_at": 0,
        "created_at_end": 0,
        "id": "6",
        "observable_id": "2",
        "subscription_id": "3",
        "type": "next",
        "value": 1,
      },
    },
    "subscription": {
      "3": {
        "created_at": 0,
        "created_at_end": 0,
        "id": "3",
        "is_sync": false,
        "module_id": undefined,
        "observable_id": "2",
        "parent_subscription_id": undefined,
      },
    },
  },
}
`;
