// Vitest Snapshot v1, https://vitest.dev/guide/snapshot.html

exports[`__$ HMR runtime > prepends subscription context to track path when inside send callback 1`] = `
{
  "events": [
    {
      "id": "outer",
      "type": "track-call",
    },
    {
      "id": "1",
      "observable": Observable {
        "__id__": "1",
        "_subscribe": [Function],
      },
      "type": "constructor-call-return",
    },
    {
      "id": "2",
      "observable": Observable {
        "__id__": "2",
        "_subscribe": [Function],
        Symbol(rxjs-debugger-tracked): true,
      },
      "type": "constructor-call-return",
    },
    {
      "id": "outer",
      "type": "track-call-return",
    },
    {
      "args": [
        [Function],
      ],
      "id": "3",
      "index": 0,
      "observable_id": "2",
      "type": "subscribe-call",
    },
    {
      "args": [
        {
          "complete": [Function],
          "error": [Function],
          "next": [Function],
        },
      ],
      "id": "4",
      "index": 0,
      "observable_id": "2",
      "type": "subscribe-call",
    },
    {
      "args": [
        {
          "complete": [Function],
          "error": [Function],
          "next": [Function],
        },
      ],
      "id": "5",
      "index": 0,
      "observable_id": "1",
      "type": "subscribe-call",
    },
    {
      "args": [
        {
          "complete": [Function],
          "error": [Function],
          "next": [Function],
        },
      ],
      "id": "6",
      "index": 0,
      "observable_id": "1",
      "type": "subscribe-call",
    },
    {
      "id": "7",
      "index": 0,
      "kind": "next",
      "observable_id": "1",
      "subscription_id": "6",
      "type": "send-call",
      "value": 1,
    },
    {
      "id": "8",
      "index": 0,
      "kind": "next",
      "observable_id": "1",
      "subscription_id": "5",
      "type": "send-call",
      "value": 1,
    },
    {
      "id": "9",
      "index": 0,
      "kind": "next",
      "observable_id": "2",
      "subscription_id": "4",
      "type": "send-call",
      "value": 1,
    },
    {
      "id": "10",
      "index": 0,
      "kind": "next",
      "observable_id": "2",
      "subscription_id": "3",
      "type": "send-call",
      "value": 1,
    },
    {
      "id": "$ref[2]:subscription[3]:inner",
      "type": "track-call",
    },
    {
      "id": "12",
      "observable": Observable {
        "__id__": "12",
        "_subscribe": [Function],
      },
      "type": "constructor-call-return",
    },
    {
      "id": "13",
      "observable": Observable {
        "__id__": "13",
        "_subscribe": [Function],
        Symbol(rxjs-debugger-tracked): true,
      },
      "type": "constructor-call-return",
    },
    {
      "id": "$ref[2]:subscription[3]:inner",
      "type": "track-call-return",
    },
    {
      "id": "10",
      "observable_id": "2",
      "type": "send-call-return",
    },
    {
      "id": "9",
      "observable_id": "2",
      "type": "send-call-return",
    },
    {
      "id": "8",
      "observable_id": "1",
      "type": "send-call-return",
    },
    {
      "id": "7",
      "observable_id": "1",
      "type": "send-call-return",
    },
    {
      "id": "14",
      "kind": "complete",
      "observable_id": "1",
      "subscription_id": "6",
      "type": "send-call",
    },
    {
      "id": "15",
      "kind": "complete",
      "observable_id": "1",
      "subscription_id": "5",
      "type": "send-call",
    },
    {
      "id": "16",
      "kind": "complete",
      "observable_id": "2",
      "subscription_id": "4",
      "type": "send-call",
    },
    {
      "id": "17",
      "kind": "complete",
      "observable_id": "2",
      "subscription_id": "3",
      "type": "send-call",
    },
    {
      "id": "17",
      "observable_id": "2",
      "type": "send-call-return",
    },
    {
      "id": "16",
      "observable_id": "2",
      "type": "send-call-return",
    },
    {
      "id": "15",
      "observable_id": "1",
      "type": "send-call-return",
    },
    {
      "id": "14",
      "observable_id": "1",
      "type": "send-call-return",
    },
    {
      "id": "6",
      "observable_id": "1",
      "type": "subscribe-call-return",
    },
    {
      "id": "5",
      "observable_id": "1",
      "type": "subscribe-call-return",
    },
    {
      "args": [
        {
          "complete": [Function],
          "error": [Function],
          "next": [Function],
        },
      ],
      "id": "6",
      "index": 0,
      "observable_id": "1",
      "type": "unsubscribe-call",
    },
    {
      "id": "6",
      "observable_id": "1",
      "type": "unsubscribe-call-return",
    },
    {
      "id": "4",
      "observable_id": "2",
      "type": "subscribe-call-return",
    },
    {
      "id": "3",
      "observable_id": "2",
      "type": "subscribe-call-return",
    },
  ],
  "store": {
    "arg": {},
    "arg_call": {},
    "hmr_module": {},
    "hmr_track": {
      "$ref[2]:subscription[3]:inner": {
        "created_at": 0,
        "created_at_end": 0,
        "id": "11",
        "index": 0,
        "key": "$ref[2]:subscription[3]:inner",
        "module_id": undefined,
        "module_version": undefined,
        "mutable_observable_id": "12",
        "parent_track_id": "0",
        "prev_observable_ids": [],
        "stable_observable_id": "13",
        "version": 0,
      },
      "outer": {
        "created_at": 0,
        "created_at_end": 0,
        "id": "0",
        "index": 0,
        "key": "outer",
        "module_id": undefined,
        "module_version": undefined,
        "mutable_observable_id": "1",
        "parent_track_id": undefined,
        "prev_observable_ids": [],
        "stable_observable_id": "2",
        "version": 0,
      },
    },
    "observable": {
      "1": {
        "created_at": 0,
        "created_at_end": 0,
        "id": "1",
        "name": "new Observable",
        "obs_ref": WeakRef {},
      },
      "12": {
        "created_at": 0,
        "created_at_end": 0,
        "id": "12",
        "name": "new Observable",
        "obs_ref": WeakRef {},
      },
      "13": {
        "created_at": 0,
        "created_at_end": 0,
        "id": "13",
        "name": "new Observable",
        "obs_ref": WeakRef {},
      },
      "2": {
        "created_at": 0,
        "created_at_end": 0,
        "id": "2",
        "name": "new Observable",
        "obs_ref": WeakRef {},
      },
    },
    "operator": {},
    "operator_fun": {},
    "pipe": {},
    "send": {
      "10": {
        "created_at": 0,
        "created_at_end": 0,
        "id": "10",
        "observable_id": "2",
        "subscription_id": "3",
        "type": "next",
        "value": 1,
      },
      "14": {
        "created_at": 0,
        "created_at_end": 0,
        "id": "14",
        "observable_id": "1",
        "subscription_id": "6",
        "type": "complete",
      },
      "15": {
        "created_at": 0,
        "created_at_end": 0,
        "id": "15",
        "observable_id": "1",
        "subscription_id": "5",
        "type": "complete",
      },
      "16": {
        "created_at": 0,
        "created_at_end": 0,
        "id": "16",
        "observable_id": "2",
        "subscription_id": "4",
        "type": "complete",
      },
      "17": {
        "created_at": 0,
        "created_at_end": 0,
        "id": "17",
        "observable_id": "2",
        "subscription_id": "3",
        "type": "complete",
      },
      "7": {
        "created_at": 0,
        "created_at_end": 0,
        "id": "7",
        "observable_id": "1",
        "subscription_id": "6",
        "type": "next",
        "value": 1,
      },
      "8": {
        "created_at": 0,
        "created_at_end": 0,
        "id": "8",
        "observable_id": "1",
        "subscription_id": "5",
        "type": "next",
        "value": 1,
      },
      "9": {
        "created_at": 0,
        "created_at_end": 0,
        "id": "9",
        "observable_id": "2",
        "subscription_id": "4",
        "type": "next",
        "value": 1,
      },
    },
    "subscription": {
      "3": {
        "created_at": 0,
        "created_at_end": 0,
        "id": "3",
        "is_sync": false,
        "module_id": undefined,
        "observable_id": "2",
        "parent_subscription_id": undefined,
      },
      "4": {
        "created_at": 0,
        "created_at_end": 0,
        "id": "4",
        "is_sync": false,
        "module_id": undefined,
        "observable_id": "2",
        "parent_subscription_id": "3",
      },
    },
  },
}
`;
